#-----------------------------------------------------------
# Vivado v2025.2 (64-bit)
# SW Build 6299465 on Fri Nov 14 19:35:11 GMT 2025
# IP Build 6300035 on Fri Nov 14 10:48:45 MST 2025
# SharedData Build 6298862 on Thu Nov 13 04:50:51 MST 2025
# Start of session at: Mon May 18 17:26:38 2026
# Process ID         : 3348
# Current directory  : C:/Users/swarn/Desktop/Verilog_Vivado/NTT_PolyMul_1/NTT_PolyMul_1.runs/synth_1
# Command line       : vivado.exe -log ntt_core.vds -product Vivado -mode batch -messageDb vivado.pb -notrace -source ntt_core.tcl
# Log file           : C:/Users/swarn/Desktop/Verilog_Vivado/NTT_PolyMul_1/NTT_PolyMul_1.runs/synth_1/ntt_core.vds
# Journal file       : C:/Users/swarn/Desktop/Verilog_Vivado/NTT_PolyMul_1/NTT_PolyMul_1.runs/synth_1\vivado.jou
# Running On         : Shree
# Platform           : Windows Server 2016 or Windows 10
# Operating System   : 26100
# Processor Detail   : 13th Gen Intel(R) Core(TM) i5-13500H
# CPU Frequency      : 3187 MHz
# CPU Physical cores : 12
# CPU Logical cores  : 16
# Host memory        : 16913 MB
# Swap memory        : 2550 MB
# Total Virtual      : 19463 MB
# Available Virtual  : 5357 MB
#-----------------------------------------------------------
source ntt_core.tcl -notrace
